###############################################################################
#
# IAR ELF Linker V9.10.2.313/W64 for ARM                  29/Nov/2021  23:43:46
# Copyright 2007-2021 IAR Systems AB.
#
#    Output file  =
#        C:\Users\azoli\Documents\UTFPR\mariaAzolin_ELF74\Lab6\Debug\Exe\Lab6.out
#    Map file     =
#        C:\Users\azoli\Documents\UTFPR\mariaAzolin_ELF74\Lab6\Debug\List\Lab6.map
#    Command line =
#        -f
#        C:\Users\azoli\Documents\UTFPR\mariaAzolin_ELF74\Lab6\Debug\Exe\Lab6.out.rsp
#        (C:\Users\azoli\Documents\UTFPR\TivaWare_C_Series-2.2.0.295\driverlib\ewarm\Exe\driverlib.a
#        C:\Users\azoli\Documents\UTFPR\mariaAzolin_ELF74\Lab6\Debug\Obj\src\main.o
#        C:\Users\azoli\Documents\UTFPR\mariaAzolin_ELF74\Lab6\Debug\Obj\src\startup_TM4C1294.o
#        C:\Users\azoli\Documents\UTFPR\mariaAzolin_ELF74\Lab6\Debug\Obj\src\system_TM4C1294.o
#        C:\Users\azoli\Documents\UTFPR\Threadx\ports\cortex_m4\iar\example_build\Debug\Exe\tx.a
#        C:\Users\azoli\Documents\UTFPR\mariaAzolin_ELF74\Lab6\Debug\Obj\src\tx_initialize_low_level.o
#        --no_out_extension -o
#        C:\Users\azoli\Documents\UTFPR\mariaAzolin_ELF74\Lab6\Debug\Exe\Lab6.out
#        --redirect _Printf=_PrintfFullNoMb --redirect _Scanf=_ScanfFullNoMb
#        --map
#        C:\Users\azoli\Documents\UTFPR\mariaAzolin_ELF74\Lab6\Debug\List\Lab6.map
#        --config "C:\Program Files\IAR Systems\Embedded Workbench
#        9.0\arm\config\linker\TexasInstruments\TM4C1294NC.icf" --semihosting
#        --entry __iar_program_start --vfe --threaded_lib --text_out locale)
#
###############################################################################

*******************************************************************************
*** RUNTIME MODEL ATTRIBUTES
***

CppFlavor       = *
__Heap_Handler  = Basic
__SystemLibrary = DLib
__dlib_version  = 6


*******************************************************************************
*** HEAP SELECTION
***

The basic heap was selected because some modules are built with
size limitations (and not runtime checking), and --advanced_heap
was not specified.


*******************************************************************************
*** PLACEMENT SUMMARY
***

"A0":  place at address 0x0 { ro section .intvec };
"P1":  place in [from 0x0 to 0xf'ffff] { ro };
define block CSTACK with size = 32K, alignment = 8 { };
define block HEAP with size = 64K, alignment = 8 { };
"P2":  place in [from 0x2000'0000 to 0x2003'ffff] {
          rw, block CSTACK, block HEAP };
initialize by copy { rw };

  Section            Kind         Address      Size  Object
  -------            ----         -------      ----  ------
"A0":                                         0x3c0
  .intvec            ro code          0x0     0x3c0  startup_TM4C1294.o [1]
                                  - 0x3c0     0x3c0

"P1":                                        0x2af4
  .text              ro code        0x3c0     0x330  main.o [1]
  .text              ro code        0x6f0     0x1d0  gpio.o [3]
  .text              ro code        0x8c0      0x94  tx_thread_sleep.o [7]
  .text              ro code        0x954      0x7c  txe_mutex_get.o [7]
  .text              ro code        0x9d0      0x50  txe_mutex_put.o [7]
  .text              ro code        0xa20      0x48  sysctl.o [3]
  .text              ro code        0xa68      0x54  tx_initialize_kernel_enter.o [7]
  .text              ro code        0xabc      0xe0  txe_byte_pool_create.o [7]
  .text              ro code        0xb9c      0x98  txe_byte_allocate.o [7]
  .text              ro code        0xc34     0x160  txe_thread_create.o [7]
  .text              ro code        0xd94      0xd4  txe_mutex_create.o [7]
  .text              ro code        0xe68     0x1f0  tx_thread_system_suspend.o [7]
  .text              ro code       0x1058     0x11c  tx_mutex_get.o [7]
  .text              ro code       0x1174     0x234  tx_mutex_put.o [7]
  .text              ro code       0x13a8      0x74  tx_initialize_low_level.o [1]
  .text              ro code       0x141c      0x84  tx_initialize_high_level.o [7]
  .text              ro code       0x14a0      0x50  xsyslock_mtx.o [6]
  .text              ro code       0x14f0      0xa0  tx_thread_schedule.o [7]
  .text              ro code       0x1590      0x40  tx_thread_system_preempt_check.o [7]
  .text              ro code       0x15d0      0xa0  tx_byte_pool_create.o [7]
  .text              ro code       0x1670      0xf8  tx_byte_allocate.o [7]
  .text              ro code       0x1768     0x160  tx_thread_create.o [7]
  .text              ro code       0x18c8      0x70  tx_mutex_create.o [7]
  .text              ro code       0x1938      0x68  tx_timer_system_activate.o [7]
  .text              ro code       0x19a0      0xf4  tx_mutex_priority_change.o [7]
  .text              ro code       0x1a94      0xb0  tx_mutex_prioritize.o [7]
  .text              ro code       0x1b44     0x158  tx_thread_system_resume.o [7]
  .text              ro code       0x1c9c      0xb8  tx_timer_interrupt.o [7]
  .text              ro code       0x1d54      0x8c  tx_thread_initialize.o [7]
  .text              ro code       0x1de0      0xf0  tx_timer_initialize.o [7]
  .text              ro code       0x1ed0     0x130  tx_iar.o [7]
  .text              ro code       0x2000      0x66  ABImemset.o [4]
  .text              ro code       0x2066      0x2a  copy_init3.o [4]
  .text              ro code       0x2090     0x120  tx_byte_pool_search.o [7]
  .text              ro code       0x21b0      0x44  tx_thread_stack_build.o [7]
  .text              ro code       0x21f4      0x2e  tx_timer_system_deactivate.o [7]
  .text              ro code       0x2222       0x2  startup_TM4C1294.o [1]
  .text              ro code       0x2224      0x28  tx_timer_expiration_process.o [7]
  .text              ro code       0x224c      0x68  tx_thread_time_slice.o [7]
  .text              ro code       0x22b4      0x3c  tlsinit.o [6]
  .text              ro code       0x22f0     0x124  heap0.o [2]
  .text              ro code       0x2414      0xc4  tx_mutex_delete.o [7]
  .text              ro code       0x24d8      0xa6  ABImemcpy.o [4]
  .text              ro code       0x2580       0x6  ABImemclr.o [4]
  .text              ro code       0x2588      0x2c  xgetmemchunk.o [2]
  .text              ro code       0x25b4     0x1f8  system_TM4C1294.o [1]
  .rodata            const         0x27ac     0x1b0  system_TM4C1294.o [1]
  .text              ro code       0x295c     0x13c  tx_timer_thread_entry.o [7]
  .text              ro code       0x2a98      0xd0  tx_mutex_cleanup.o [7]
  .text              ro code       0x2b68      0x88  tx_byte_pool_cleanup.o [7]
  .text              ro code       0x2bf0      0x7c  tx_thread_shell_entry.o [7]
  .rodata            const         0x2c6c      0x6c  system_TM4C1294.o [1]
  .text              ro code       0x2cd8      0x3c  tx_thread_timeout.o [7]
  .text              ro code       0x2d14      0x38  zero_init3.o [4]
  .rodata            const         0x2d4c      0x30  system_TM4C1294.o [1]
  .text              ro code       0x2d7c      0x28  data_init.o [4]
  .iar.init_table    const         0x2da4      0x24  - Linker created -
  .text              ro code       0x2dc8      0x1e  cmain.o [4]
  .text              ro code       0x2de6       0x4  low_level_init.o [2]
  .text              ro code       0x2dea       0x4  exit.o [2]
  .text              ro code       0x2df0       0xe  cexit.o [4]
  .text              ro code       0x2e00      0x14  exit.o [5]
  .text              ro code       0x2e14      0x1c  cstartup_M.o [4]
  .text              ro code       0x2e30      0x14  startup_TM4C1294.o [1]
  .rodata            const         0x2e44      0x18  tx_iar.o [7]
  .rodata            const         0x2e5c      0x14  tx_timer_initialize.o [7]
  .rodata            const         0x2e70       0xc  main.o [1]
  .rodata            const         0x2e7c       0xc  main.o [1]
  .rodata            const         0x2e88       0xc  main.o [1]
  .rodata            const         0x2e94       0xc  main.o [1]
  .rodata            const         0x2ea0       0x8  main.o [1]
  .rodata            const         0x2ea8       0x8  system_TM4C1294.o [1]
  Initializer bytes  const         0x2eb0       0x4  <for P2-1>
  .text              ro code       0x2eb4       0x0  cstart_clearlocks.o [4]
  .rodata            const         0x2eb4       0x0  zero_init3.o [4]
  .rodata            const         0x2eb4       0x0  copy_init3.o [4]
                                 - 0x2eb4    0x2af4

"P2", part 1 of 3:                              0x4
  P2-1                        0x2000'0000       0x4  <Init block>
    .data            inited   0x2000'0000       0x4  tx_thread_initialize.o [7]
                            - 0x2000'0004       0x4

"P2", part 2 of 3:                           0x2d88
  .bss               zero     0x2000'0004    0x23a0  main.o [1]
  .bss               zero     0x2000'23a4     0x400  tx_timer_initialize.o [7]
  .bss               zero     0x2000'27a4      0xd0  tx_iar.o [7]
  .bss               zero     0x2000'2874      0xb8  main.o [1]
  .bss               zero     0x2000'292c      0xb8  main.o [1]
  .bss               zero     0x2000'29e4      0xb8  main.o [1]
  .bss               zero     0x2000'2a9c      0xb8  tx_timer_initialize.o [7]
  .bss               zero     0x2000'2b54      0x80  tx_thread_initialize.o [7]
  .bss               zero     0x2000'2bd4      0x80  tx_timer_initialize.o [7]
  .bss               zero     0x2000'2c54      0x34  main.o [1]
  .bss               zero     0x2000'2c88      0x34  main.o [1]
  .bss               zero     0x2000'2cbc      0x10  xsyslock_mtx.o [6]
  FREE_MEM           zero     0x2000'2ccc      0x10  tx_initialize_low_level.o [1]
  .bss               zero     0x2000'2cdc       0x8  heap0.o [2]
  .bss               zero     0x2000'2ce4       0x4  tx_thread_initialize.o [7]
  .bss               zero     0x2000'2ce8       0x4  tx_thread_initialize.o [7]
  .bss               zero     0x2000'2cec       0x4  tx_thread_initialize.o [7]
  .bss               zero     0x2000'2cf0       0x4  tx_thread_initialize.o [7]
  .bss               zero     0x2000'2cf4       0x4  tx_thread_initialize.o [7]
  .bss               zero     0x2000'2cf8       0x4  tx_thread_initialize.o [7]
  .bss               zero     0x2000'2cfc       0x4  tx_thread_initialize.o [7]
  .bss               zero     0x2000'2d00       0x4  tx_thread_initialize.o [7]
  .bss               zero     0x2000'2d04       0x4  tx_thread_initialize.o [7]
  .bss               zero     0x2000'2d08       0x4  tx_thread_initialize.o [7]
  .bss               zero     0x2000'2d0c       0x4  tx_thread_initialize.o [7]
  .bss               zero     0x2000'2d10       0x4  tx_initialize_high_level.o [7]
  .bss               zero     0x2000'2d14       0x4  tx_initialize_high_level.o [7]
  .bss               zero     0x2000'2d18       0x4  tx_initialize_high_level.o [7]
  .bss               zero     0x2000'2d1c       0x4  tx_initialize_high_level.o [7]
  .bss               zero     0x2000'2d20       0x4  tx_initialize_high_level.o [7]
  .bss               zero     0x2000'2d24       0x4  tx_initialize_high_level.o [7]
  .bss               zero     0x2000'2d28       0x4  tx_initialize_high_level.o [7]
  .bss               zero     0x2000'2d2c       0x4  tx_initialize_high_level.o [7]
  .bss               zero     0x2000'2d30       0x4  tx_initialize_high_level.o [7]
  .bss               zero     0x2000'2d34       0x4  tx_initialize_high_level.o [7]
  .bss               zero     0x2000'2d38       0x4  tx_initialize_high_level.o [7]
  .bss               zero     0x2000'2d3c       0x4  tx_initialize_high_level.o [7]
  .bss               zero     0x2000'2d40       0x4  tx_initialize_high_level.o [7]
  .bss               zero     0x2000'2d44       0x4  tx_timer_initialize.o [7]
  .bss               zero     0x2000'2d48       0x4  tx_timer_initialize.o [7]
  .bss               zero     0x2000'2d4c       0x4  tx_timer_initialize.o [7]
  .bss               zero     0x2000'2d50       0x4  tx_timer_initialize.o [7]
  .bss               zero     0x2000'2d54       0x4  tx_timer_initialize.o [7]
  .bss               zero     0x2000'2d58       0x4  tx_timer_initialize.o [7]
  .bss               zero     0x2000'2d5c       0x4  tx_timer_initialize.o [7]
  .bss               zero     0x2000'2d60       0x4  tx_timer_initialize.o [7]
  .bss               zero     0x2000'2d64       0x4  tx_timer_initialize.o [7]
  .bss               zero     0x2000'2d68       0x4  tx_timer_initialize.o [7]
  .bss               zero     0x2000'2d6c       0x4  tx_timer_initialize.o [7]
  .bss               zero     0x2000'2d70       0x4  tx_timer_initialize.o [7]
  .bss               zero     0x2000'2d74       0x4  tx_timer_initialize.o [7]
  .bss               zero     0x2000'2d78       0x4  tx_iar.o [7]
  .bss               zero     0x2000'2d7c       0x4  tx_iar.o [7]
  .bss               zero     0x2000'2d80       0x4  tx_iar.o [7]
  .bss               zero     0x2000'2d84       0x4  tx_iar.o [7]
  .bss               zero     0x2000'2d88       0x4  xgetmemchunk.o [2]
                            - 0x2000'2d8c    0x2d88

"P2", part 3 of 3:                         0x1'8004
  .noinit            uninit   0x2000'2d8c       0x4  system_TM4C1294.o [1]
  CSTACK                      0x2000'2d90    0x8000  <Block>
    CSTACK           uninit   0x2000'2d90    0x8000  <Block tail>
  HEAP                        0x2000'ad90  0x1'0000  <Block>
    HEAP             uninit   0x2000'ad90  0x1'0000  <Block tail>
                            - 0x2001'ad90  0x1'8004

Unused ranges:

         From           To      Size
         ----           --      ----
       0x2eb4     0xf'ffff  0xf'd14c
  0x2001'ad90  0x2003'ffff  0x2'5270


*******************************************************************************
*** INIT TABLE
***

          Address      Size
          -------      ----
Zero (__iar_zero_init3)
    1 destination range, total size 0x2d88:
          0x2000'0004  0x2d88

Copy (__iar_copy_init3)
    1 source range, total size 0x4:
               0x2eb0     0x4
    1 destination range, total size 0x4:
          0x2000'0000     0x4



*******************************************************************************
*** MODULE SUMMARY
***

    Module                            ro code  ro data  rw data
    ------                            -------  -------  -------
command line/config:
    -----------------------------------------------------------
    Total:

C:\Users\azoli\Documents\UTFPR\mariaAzolin_ELF74\Lab6\Debug\Obj\src: [1]
    main.o                                816       56    9'776
    startup_TM4C1294.o                    982
    system_TM4C1294.o                     504      596        4
    tx_initialize_low_level.o             116                16
    -----------------------------------------------------------
    Total:                              2'418      652    9'796

dl7M_tln.a: [2]
    exit.o                                  4
    heap0.o                               292                 8
    low_level_init.o                        4
    xgetmemchunk.o                         44                 4
    -----------------------------------------------------------
    Total:                                344                12

driverlib.a: [3]
    gpio.o                                464
    sysctl.o                               72
    -----------------------------------------------------------
    Total:                                536

rt7M_tl.a: [4]
    ABImemclr.o                             6
    ABImemcpy.o                           166
    ABImemset.o                           102
    cexit.o                                14
    cmain.o                                30
    copy_init3.o                           42
    cstart_clearlocks.o
    cstartup_M.o                           28
    data_init.o                            40
    zero_init3.o                           56
    -----------------------------------------------------------
    Total:                                484

shb_l.a: [5]
    exit.o                                 20
    -----------------------------------------------------------
    Total:                                 20

th7M_tln.a: [6]
    tlsinit.o                              60
    xsyslock_mtx.o                         80                16
    -----------------------------------------------------------
    Total:                                140                16

tx.a: [7]
    tx_byte_allocate.o                    248
    tx_byte_pool_cleanup.o                136
    tx_byte_pool_create.o                 160
    tx_byte_pool_search.o                 288
    tx_iar.o                              304       24      224
    tx_initialize_high_level.o            132                52
    tx_initialize_kernel_enter.o           84
    tx_mutex_cleanup.o                    208
    tx_mutex_create.o                     112
    tx_mutex_delete.o                     196
    tx_mutex_get.o                        284
    tx_mutex_prioritize.o                 176
    tx_mutex_priority_change.o            244
    tx_mutex_put.o                        564
    tx_thread_create.o                    352
    tx_thread_initialize.o                140        4      176
    tx_thread_schedule.o                  160
    tx_thread_shell_entry.o               124
    tx_thread_sleep.o                     148
    tx_thread_stack_build.o                68
    tx_thread_system_preempt_check.o       64
    tx_thread_system_resume.o             344
    tx_thread_system_suspend.o            496
    tx_thread_time_slice.o                104
    tx_thread_timeout.o                    60
    tx_timer_expiration_process.o          40
    tx_timer_initialize.o                 240       20    1'388
    tx_timer_interrupt.o                  184
    tx_timer_system_activate.o            104
    tx_timer_system_deactivate.o           46
    tx_timer_thread_entry.o               316
    txe_byte_allocate.o                   152
    txe_byte_pool_create.o                224
    txe_mutex_create.o                    212
    txe_mutex_get.o                       124
    txe_mutex_put.o                        80
    txe_thread_create.o                   352
    -----------------------------------------------------------
    Total:                              7'270       48    1'840

    Gaps                                    8
    Linker created                                  36   98'304
---------------------------------------------------------------
    Grand Total:                       11'220      736  109'968


*******************************************************************************
*** ENTRY LIST
***

Entry                       Address    Size  Type      Object
-----                       -------    ----  ----      ------
.iar.init_table$$Base        0x2da4           --   Gb  - Linker created -
.iar.init_table$$Limit       0x2dc8           --   Gb  - Linker created -
?main                        0x2dc9          Code  Gb  cmain.o [4]
Aldata                  0x2000'2cdc     0x8  Data  Lc  heap0.o [2]
CSTACK$$Base            0x2000'2d90           --   Gb  - Linker created -
CSTACK$$Limit           0x2000'ad90           --   Gb  - Linker created -
GPIODirModeSet                0x6f1    0x28  Code  Gb  gpio.o [3]
GPIOPadConfigSet              0x719   0x176  Code  Gb  gpio.o [3]
GPIOPinTypeGPIOOutput         0x897     0xa  Code  Gb  gpio.o [3]
GPIOPinWrite                  0x88f     0x8  Code  Gb  gpio.o [3]
HEAP$$Base              0x2000'ad90           --   Gb  - Linker created -
HEAP$$Limit             0x2001'ad90           --   Gb  - Linker created -
PendSV_Handler               0x1511          Code  Gb  tx_thread_schedule.o [7]
Region$$Table$$Base          0x2da4           --   Gb  - Linker created -
Region$$Table$$Limit         0x2dc8           --   Gb  - Linker created -
SysCtlPeripheralEnable        0xa43     0x8  Code  Gb  sysctl.o [3]
SysCtlPeripheralReady         0xa21     0x8  Code  Gb  sysctl.o [3]
SysTick_Handler              0x13ef          Code  Gb  tx_initialize_low_level.o [1]
SystemCoreClock         0x2000'2d8c     0x4  Data  Gb  system_TM4C1294.o [1]
SystemInit                   0x2629   0x13e  Code  Gb  system_TM4C1294.o [1]
_SysCtlFrequencyGet          0x25d7    0x52  Code  Lc  system_TM4C1294.o [1]
_SysCtlMemTimingGet          0x25b5    0x22  Code  Lc  system_TM4C1294.o [1]
__Vectors                       0x0           --   Gb  startup_TM4C1294.o [1]
__Vectors_End                 0x3c0          Data  Gb  startup_TM4C1294.o [1]
__Vectors_Size {Abs}          0x3c0           --   Gb  startup_TM4C1294.o [1]
__aeabi_memclr               0x2581          Code  Gb  ABImemclr.o [4]
__aeabi_memcpy               0x24d9          Code  Gb  ABImemcpy.o [4]
__aeabi_memcpy4              0x24f9          Code  Gb  ABImemcpy.o [4]
__aeabi_memcpy8              0x24f9          Code  Gb  ABImemcpy.o [4]
__aeabi_memset               0x2001          Code  Gb  ABImemset.o [4]
__basic_free_intern          0x239d    0x74  Code  Lc  heap0.o [2]
__basic_malloc               0x22f1    0x18  Code  Gb  heap0.o [2]
__basic_malloc_intern        0x2309    0x94  Code  Lc  heap0.o [2]
__cexit_clearlocks           0x2df3          Code  Gb  cexit.o [4]
__cmain                      0x2dc9          Code  Gb  cmain.o [4]
__cstart_clearlocks          0x2eb4          Data  Gb  cstart_clearlocks.o [4]
__data_GetMemChunk           0x2589    0x2c  Code  Gb  xgetmemchunk.o [2]
__data_GetMemChunk::start
                        0x2000'2d88     0x4  Data  Lc  xgetmemchunk.o [2]
__exit                       0x2e01    0x14  Code  Gb  exit.o [5]
__iar_Initlocks              0x14d7    0x16  Code  Gb  xsyslock_mtx.o [6]
__iar_Locksyslock_Malloc
                             0x14a1     0x6  Code  Gb  xsyslock_mtx.o [6]
__iar_Memset                 0x2001          Code  Gb  ABImemset.o [4]
__iar_Memset_word            0x2009          Code  Gb  ABImemset.o [4]
__iar_Unlocksyslock_Malloc
                             0x14a7     0x6  Code  Gb  xsyslock_mtx.o [6]
__iar_clearlocks             0x14ad    0x2a  Code  Gb  xsyslock_mtx.o [6]
__iar_copy_init3             0x2067    0x2a  Code  Gb  copy_init3.o [4]
__iar_data_init3             0x2d7d    0x28  Code  Gb  data_init.o [4]
__iar_init_vfp               0x2e39          Code  Wk  startup_TM4C1294.o [1]
__iar_program_start          0x2e15          Code  Gb  cstartup_M.o [4]
__iar_system_Mtxdst          0x1f59     0xa  Code  Gb  tx_iar.o [7]
__iar_system_Mtxinit         0x1ee7    0x72  Code  Gb  tx_iar.o [7]
__iar_system_Mtxlock         0x1f63    0x40  Code  Gb  tx_iar.o [7]
__iar_system_Mtxunlock       0x1fa3    0x3c  Code  Gb  tx_iar.o [7]
__iar_tls$$DATA$$Length
                                0x0           --   Gb  - Linker created -
__iar_tls$$INIT_DATA$$Base
                                0x0           --   Gb  - Linker created -
__iar_tls$$INIT_DATA$$Length
                                0x0           --   Gb  - Linker created -
__iar_tls_init               0x22d1     0xc  Code  Gb  tlsinit.o [6]
__iar_tls_init_no_ctors
                             0x22b5    0x1c  Code  Gb  tlsinit.o [6]
__iar_tls_size               0x22dd     0x4  Code  Gb  tlsinit.o [6]
__iar_zero_init3             0x2d15    0x38  Code  Gb  zero_init3.o [4]
__low_level_init             0x2de7     0x4  Code  Gb  low_level_init.o [2]
__tx_PendSVHandler           0x1511          Code  Gb  tx_thread_schedule.o [7]
__tx_SysTickHandler          0x13ef          Code  Gb  tx_initialize_low_level.o [1]
__tx_free_memory_start  0x2000'2ccc          Data  Gb  tx_initialize_low_level.o [1]
__tx_iar_system_lock_internal_errors
                        0x2000'2d80     0x4  Data  Gb  tx_iar.o [7]
__tx_iar_system_lock_isr_caller
                        0x2000'2d84     0x4  Data  Gb  tx_iar.o [7]
__tx_iar_system_lock_mutexes
                        0x2000'27a4    0xd0  Data  Lc  tx_iar.o [7]
__tx_iar_system_lock_next_free_mutex
                        0x2000'2d78     0x4  Data  Lc  tx_iar.o [7]
__tx_iar_system_lock_no_mutexes
                        0x2000'2d7c     0x4  Data  Gb  tx_iar.o [7]
__vector_table                  0x0          Data  Gb  startup_TM4C1294.o [1]
__vector_table_0x1c            0x1c          Data  Gb  startup_TM4C1294.o [1]
_call_main                   0x2dd5          Code  Gb  cmain.o [4]
_exit                        0x2df1          Code  Gb  cexit.o [4]
_tx_block_pool_created_count
                        0x2000'2d34     0x4  Data  Gb  tx_initialize_high_level.o [7]
_tx_block_pool_created_ptr
                        0x2000'2d30     0x4  Data  Gb  tx_initialize_high_level.o [7]
_tx_build_options       0x2000'2d0c     0x4  Data  Gb  tx_thread_initialize.o [7]
_tx_byte_allocate            0x1671    0xf8  Code  Gb  tx_byte_allocate.o [7]
_tx_byte_pool_cleanup        0x2b69    0x88  Code  Gb  tx_byte_pool_cleanup.o [7]
_tx_byte_pool_create         0x15d1    0xa0  Code  Gb  tx_byte_pool_create.o [7]
_tx_byte_pool_created_count
                        0x2000'2d3c     0x4  Data  Gb  tx_initialize_high_level.o [7]
_tx_byte_pool_created_ptr
                        0x2000'2d38     0x4  Data  Gb  tx_initialize_high_level.o [7]
_tx_byte_pool_search         0x2091   0x120  Code  Gb  tx_byte_pool_search.o [7]
_tx_event_flags_created_count
                        0x2000'2d24     0x4  Data  Gb  tx_initialize_high_level.o [7]
_tx_event_flags_created_ptr
                        0x2000'2d20     0x4  Data  Gb  tx_initialize_high_level.o [7]
_tx_iar_create_per_thread_tls_area
                             0x1ed1    0x16  Code  Gb  tx_iar.o [7]
_tx_initialize_high_level
                             0x141d    0x84  Code  Gb  tx_initialize_high_level.o [7]
_tx_initialize_kernel_enter
                              0xa69    0x54  Code  Gb  tx_initialize_kernel_enter.o [7]
_tx_initialize_low_level
                             0x13a9          Code  Gb  tx_initialize_low_level.o [1]
_tx_initialize_unused_memory
                        0x2000'2d40     0x4  Data  Gb  tx_initialize_high_level.o [7]
_tx_mutex_cleanup            0x2a99    0x7c  Code  Gb  tx_mutex_cleanup.o [7]
_tx_mutex_create             0x18c9    0x70  Code  Gb  tx_mutex_create.o [7]
_tx_mutex_created_count
                        0x2000'2d2c     0x4  Data  Gb  tx_initialize_high_level.o [7]
_tx_mutex_created_ptr   0x2000'2d28     0x4  Data  Gb  tx_initialize_high_level.o [7]
_tx_mutex_delete             0x2415    0xc4  Code  Gb  tx_mutex_delete.o [7]
_tx_mutex_get                0x1059   0x11c  Code  Gb  tx_mutex_get.o [7]
_tx_mutex_prioritize         0x1a95    0xb0  Code  Gb  tx_mutex_prioritize.o [7]
_tx_mutex_priority_change
                             0x19a1    0xf4  Code  Gb  tx_mutex_priority_change.o [7]
_tx_mutex_put                0x1175   0x234  Code  Gb  tx_mutex_put.o [7]
_tx_mutex_thread_release
                             0x2b15    0x46  Code  Gb  tx_mutex_cleanup.o [7]
_tx_queue_created_count
                        0x2000'2d1c     0x4  Data  Gb  tx_initialize_high_level.o [7]
_tx_queue_created_ptr   0x2000'2d18     0x4  Data  Gb  tx_initialize_high_level.o [7]
_tx_semaphore_created_count
                        0x2000'2d14     0x4  Data  Gb  tx_initialize_high_level.o [7]
_tx_semaphore_created_ptr
                        0x2000'2d10     0x4  Data  Gb  tx_initialize_high_level.o [7]
_tx_thread_create            0x1769   0x160  Code  Gb  tx_thread_create.o [7]
_tx_thread_created_count
                        0x2000'2cf4     0x4  Data  Gb  tx_thread_initialize.o [7]
_tx_thread_created_ptr  0x2000'2cf0     0x4  Data  Gb  tx_thread_initialize.o [7]
_tx_thread_current_ptr  0x2000'2ce8     0x4  Data  Gb  tx_thread_initialize.o [7]
_tx_thread_execute_ptr  0x2000'2cec     0x4  Data  Gb  tx_thread_initialize.o [7]
_tx_thread_highest_priority
                        0x2000'2d00     0x4  Data  Gb  tx_thread_initialize.o [7]
_tx_thread_initialize        0x1d55    0x8c  Code  Gb  tx_thread_initialize.o [7]
_tx_thread_mutex_release
                        0x2000'2d08     0x4  Data  Gb  tx_thread_initialize.o [7]
_tx_thread_preempt_disable
                        0x2000'2d04     0x4  Data  Gb  tx_thread_initialize.o [7]
_tx_thread_preempted_maps
                        0x2000'2cfc     0x4  Data  Gb  tx_thread_initialize.o [7]
_tx_thread_priority_list
                        0x2000'2b54    0x80  Data  Gb  tx_thread_initialize.o [7]
_tx_thread_priority_maps
                        0x2000'2cf8     0x4  Data  Gb  tx_thread_initialize.o [7]
_tx_thread_schedule          0x14f1          Code  Gb  tx_thread_schedule.o [7]
_tx_thread_shell_entry       0x2bf1    0x7c  Code  Gb  tx_thread_shell_entry.o [7]
_tx_thread_sleep              0x8c1    0x94  Code  Gb  tx_thread_sleep.o [7]
_tx_thread_stack_build       0x21b1          Code  Gb  tx_thread_stack_build.o [7]
_tx_thread_system_preempt_check
                             0x1591    0x40  Code  Gb  tx_thread_system_preempt_check.o [7]
_tx_thread_system_resume
                             0x1b45   0x158  Code  Gb  tx_thread_system_resume.o [7]
_tx_thread_system_stack_ptr
                        0x2000'2ce4     0x4  Data  Gb  tx_thread_initialize.o [7]
_tx_thread_system_state
                        0x2000'0000     0x4  Data  Gb  tx_thread_initialize.o [7]
_tx_thread_system_suspend
                              0xe69   0x1f0  Code  Gb  tx_thread_system_suspend.o [7]
_tx_thread_time_slice        0x224d    0x68  Code  Gb  tx_thread_time_slice.o [7]
_tx_thread_timeout           0x2cd9    0x3c  Code  Gb  tx_thread_timeout.o [7]
_tx_timer_created_count
                        0x2000'2d60     0x4  Data  Gb  tx_timer_initialize.o [7]
_tx_timer_created_ptr   0x2000'2d5c     0x4  Data  Gb  tx_timer_initialize.o [7]
_tx_timer_current_ptr   0x2000'2d54     0x4  Data  Gb  tx_timer_initialize.o [7]
_tx_timer_expiration_process
                             0x2225    0x28  Code  Gb  tx_timer_expiration_process.o [7]
_tx_timer_expired       0x2000'2d58     0x4  Data  Gb  tx_timer_initialize.o [7]
_tx_timer_expired_time_slice
                        0x2000'2d48     0x4  Data  Gb  tx_timer_initialize.o [7]
_tx_timer_expired_timer_ptr
                        0x2000'2d64     0x4  Data  Gb  tx_timer_initialize.o [7]
_tx_timer_initialize         0x1de1    0xf0  Code  Gb  tx_timer_initialize.o [7]
_tx_timer_interrupt          0x1c9d          Code  Gb  tx_timer_interrupt.o [7]
_tx_timer_list          0x2000'2bd4    0x80  Data  Gb  tx_timer_initialize.o [7]
_tx_timer_list_end      0x2000'2d50     0x4  Data  Gb  tx_timer_initialize.o [7]
_tx_timer_list_start    0x2000'2d4c     0x4  Data  Gb  tx_timer_initialize.o [7]
_tx_timer_priority      0x2000'2d70     0x4  Data  Gb  tx_timer_initialize.o [7]
_tx_timer_stack_size    0x2000'2d6c     0x4  Data  Gb  tx_timer_initialize.o [7]
_tx_timer_stack_start   0x2000'2d68     0x4  Data  Gb  tx_timer_initialize.o [7]
_tx_timer_system_activate
                             0x1939    0x68  Code  Gb  tx_timer_system_activate.o [7]
_tx_timer_system_clock  0x2000'2d44     0x4  Data  Gb  tx_timer_initialize.o [7]
_tx_timer_system_deactivate
                             0x21f5    0x2e  Code  Gb  tx_timer_system_deactivate.o [7]
_tx_timer_thread        0x2000'2a9c    0xb8  Data  Gb  tx_timer_initialize.o [7]
_tx_timer_thread_entry       0x295d   0x13c  Code  Gb  tx_timer_thread_entry.o [7]
_tx_timer_thread_stack_area
                        0x2000'23a4   0x400  Data  Gb  tx_timer_initialize.o [7]
_tx_timer_time_slice    0x2000'2d74     0x4  Data  Gb  tx_timer_initialize.o [7]
_txe_byte_allocate            0xb9d    0x98  Code  Gb  txe_byte_allocate.o [7]
_txe_byte_pool_create         0xabd    0xe0  Code  Gb  txe_byte_pool_create.o [7]
_txe_mutex_create             0xd95    0xd4  Code  Gb  txe_mutex_create.o [7]
_txe_mutex_get                0x955    0x7c  Code  Gb  txe_mutex_get.o [7]
_txe_mutex_put                0x9d1    0x50  Code  Gb  txe_mutex_put.o [7]
_txe_thread_create            0xc35   0x160  Code  Gb  txe_thread_create.o [7]
byte_pool_0             0x2000'2c54    0x34  Data  Gb  main.o [1]
byte_pool_memory        0x2000'0004  0x23a0  Data  Gb  main.o [1]
exit                         0x2deb     0x4  Code  Gb  exit.o [2]
g_pppui32XTALtoVCO           0x27ac   0x1b0  Data  Lc  system_TM4C1294.o [1]
g_pui32VCOFrequencies        0x2ea8     0x8  Data  Lc  system_TM4C1294.o [1]
g_pui32Xtals                 0x2c6c    0x6c  Data  Lc  system_TM4C1294.o [1]
g_sXTALtoMEMTIM              0x2d4c    0x30  Data  Lc  system_TM4C1294.o [1]
loop_wait_led                 0x409    0x20  Code  Gb  main.o [1]
main                          0x519    0x3e  Code  Gb  main.o [1]
mtx                     0x2000'2cbc    0x10  Data  Lc  xsyslock_mtx.o [6]
mutex_0                 0x2000'2c88    0x34  Data  Gb  main.o [1]
schedulerMode                 0x405     0x4  Code  Gb  main.o [1]
thread_1                0x2000'2874    0xb8  Data  Gb  main.o [1]
thread_2                0x2000'292c    0xb8  Data  Gb  main.o [1]
thread_3                0x2000'29e4    0xb8  Data  Gb  main.o [1]
thread_entry                  0x429    0xf0  Code  Gb  main.o [1]
turnOff                       0x3ed    0x18  Code  Gb  main.o [1]
turnOn                        0x3c1    0x2c  Code  Gb  main.o [1]
tx_application_define         0x557   0x14c  Code  Gb  main.o [1]


[1] = C:\Users\azoli\Documents\UTFPR\mariaAzolin_ELF74\Lab6\Debug\Obj\src
[2] = dl7M_tln.a
[3] = driverlib.a
[4] = rt7M_tl.a
[5] = shb_l.a
[6] = th7M_tln.a
[7] = tx.a

   11'220 bytes of readonly  code memory
      736 bytes of readonly  data memory
  109'968 bytes of readwrite data memory

Errors: none
Warnings: none
