###############################################################################
#
# IAR ELF Linker V9.10.2.313/W64 for ARM                  15/Dec/2021  22:33:14
# Copyright 2007-2021 IAR Systems AB.
#
#    Output file  =
#        C:\Users\azoli\Documents\UTFPR\mariaAzolin_ELF74\Projeto\Debug\Exe\Projeto.out
#    Map file     =
#        C:\Users\azoli\Documents\UTFPR\mariaAzolin_ELF74\Projeto\Debug\List\Projeto.map
#    Command line =
#        -f
#        C:\Users\azoli\Documents\UTFPR\mariaAzolin_ELF74\Projeto\Debug\Exe\Projeto.out.rsp
#        (C:\Users\azoli\Documents\UTFPR\TivaWare_C_Series-2.2.0.295\driverlib\ewarm\Exe\driverlib.a
#        C:\Users\azoli\Documents\UTFPR\mariaAzolin_ELF74\Projeto\Debug\Obj\main.o
#        C:\Users\azoli\Documents\UTFPR\mariaAzolin_ELF74\Projeto\Debug\Obj\startup_TM4C1294.o
#        C:\Users\azoli\Documents\UTFPR\mariaAzolin_ELF74\Projeto\Debug\Obj\system_TM4C1294.o
#        C:\Users\azoli\Documents\UTFPR\Threadx\ports\cortex_m4\iar\example_build\Debug\Exe\tx.a
#        C:\Users\azoli\Documents\UTFPR\mariaAzolin_ELF74\Projeto\Debug\Obj\tx_initialize_low_level.o
#        --no_out_extension -o
#        C:\Users\azoli\Documents\UTFPR\mariaAzolin_ELF74\Projeto\Debug\Exe\Projeto.out
#        --redirect _Printf=_PrintfFullNoMb --redirect _Scanf=_ScanfFullNoMb
#        --map
#        C:\Users\azoli\Documents\UTFPR\mariaAzolin_ELF74\Projeto\Debug\List\Projeto.map
#        --config "C:\Program Files\IAR Systems\Embedded Workbench
#        9.0\arm\config\linker\TexasInstruments\TM4C1292NC.icf" --semihosting
#        --entry __iar_program_start --vfe --threaded_lib --text_out locale)
#
###############################################################################

*******************************************************************************
*** RUNTIME MODEL ATTRIBUTES
***

CppFlavor       = *
__Heap_Handler  = Basic
__SystemLibrary = DLib
__dlib_version  = 6


*******************************************************************************
*** HEAP SELECTION
***

The basic heap was selected because some modules are built with
size limitations (and not runtime checking), and --advanced_heap
was not specified.


*******************************************************************************
*** PLACEMENT SUMMARY
***

"A0":  place at address 0x0 { ro section .intvec };
"P1":  place in [from 0x0 to 0xf'ffff] { ro };
define block CSTACK with size = 32K, alignment = 8 { };
define block HEAP with size = 64K, alignment = 8 { };
"P2":  place in [from 0x2000'0000 to 0x2003'ffff] {
          rw, block CSTACK, block HEAP };
initialize by copy { rw };

  Section            Kind         Address      Size  Object
  -------            ----         -------      ----  ------
"A0":                                         0x3c0
  .intvec            ro code          0x0     0x3c0  startup_TM4C1294.o [1]
                                  - 0x3c0     0x3c0

"P1":                                        0x3ba0
  .text              ro code        0x3c0     0xaa0  main.o [1]
  .text              ro code        0xe60      0x48  sysctl.o [3]
  .text              ro code        0xea8     0x208  gpio.o [3]
  .text              ro code       0x10b0      0xd8  uart.o [3]
  .text              ro code       0x1188      0x10  interrupt.o [3]
  .text              ro code       0x1198      0x28  systick.o [3]
  .text              ro code       0x11c0      0x54  tx_initialize_kernel_enter.o [7]
  .text              ro code       0x1214      0x7c  txe_mutex_get.o [7]
  .text              ro code       0x1290      0x50  txe_mutex_put.o [7]
  .text              ro code       0x12e0      0x94  tx_thread_sleep.o [7]
  .text              ro code       0x1374      0x60  txe_queue_send.o [7]
  .text              ro code       0x13d4      0x36  strlen.o [4]
  .text              ro code       0x140a      0x2a  copy_init3.o [4]
  .text              ro code       0x1434      0x60  txe_queue_receive.o [7]
  .text              ro code       0x1494      0x66  ABImemset.o [4]
  .text              ro code       0x14fa       0x2  startup_TM4C1294.o [1]
  .text              ro code       0x14fc      0xe0  txe_byte_pool_create.o [7]
  .text              ro code       0x15dc      0x98  txe_byte_allocate.o [7]
  .text              ro code       0x1674     0x160  txe_thread_create.o [7]
  .text              ro code       0x17d4      0xd4  txe_mutex_create.o [7]
  .text              ro code       0x18a8      0xf8  txe_queue_create.o [7]
  .text              ro code       0x19a0      0x30  txe_block_release.o [7]
  .text              ro code       0x19d0       0x8  cpu.o [3]
  .text              ro code       0x19d8      0x74  tx_initialize_low_level.o [1]
  .text              ro code       0x1a4c      0x84  tx_initialize_high_level.o [7]
  .text              ro code       0x1ad0      0x50  xsyslock_mtx.o [6]
  .text              ro code       0x1b20      0xa0  tx_thread_schedule.o [7]
  .text              ro code       0x1bc0     0x11c  tx_mutex_get.o [7]
  .text              ro code       0x1cdc     0x234  tx_mutex_put.o [7]
  .text              ro code       0x1f10     0x1f0  tx_thread_system_suspend.o [7]
  .text              ro code       0x2100     0x164  tx_queue_send.o [7]
  .text              ro code       0x2264     0x1f4  tx_queue_receive.o [7]
  .text              ro code       0x2458      0x40  tx_thread_system_preempt_check.o [7]
  .text              ro code       0x2498      0xa0  tx_byte_pool_create.o [7]
  .text              ro code       0x2538      0xf8  tx_byte_allocate.o [7]
  .text              ro code       0x2630     0x160  tx_thread_create.o [7]
  .text              ro code       0x2790      0x70  tx_mutex_create.o [7]
  .text              ro code       0x2800      0x88  tx_queue_create.o [7]
  .text              ro code       0x2888      0x70  tx_block_release.o [7]
  .text              ro code       0x28f8      0xb8  tx_timer_interrupt.o [7]
  .text              ro code       0x29b0      0x8c  tx_thread_initialize.o [7]
  .text              ro code       0x2a3c      0xf0  tx_timer_initialize.o [7]
  .text              ro code       0x2b2c     0x130  tx_iar.o [7]
  .text              ro code       0x2c5c      0xf4  tx_mutex_priority_change.o [7]
  .text              ro code       0x2d50      0xb0  tx_mutex_prioritize.o [7]
  .text              ro code       0x2e00     0x158  tx_thread_system_resume.o [7]
  .text              ro code       0x2f58      0x68  tx_timer_system_activate.o [7]
  .text              ro code       0x2fc0     0x120  tx_byte_pool_search.o [7]
  .text              ro code       0x30e0      0x44  tx_thread_stack_build.o [7]
  .text              ro code       0x3124      0x28  tx_timer_expiration_process.o [7]
  .text              ro code       0x314c      0x68  tx_thread_time_slice.o [7]
  .text              ro code       0x31b4      0x3c  tlsinit.o [6]
  .text              ro code       0x31f0     0x124  heap0.o [2]
  .text              ro code       0x3314      0xc4  tx_mutex_delete.o [7]
  .text              ro code       0x33d8      0x2e  tx_timer_system_deactivate.o [7]
  .text              ro code       0x3408      0xa6  ABImemcpy.o [4]
  .text              ro code       0x34b0       0x6  ABImemclr.o [4]
  .text              ro code       0x34b8      0x2c  xgetmemchunk.o [2]
  .text              ro code       0x34e4     0x1f8  system_TM4C1294.o [1]
  .rodata            const         0x36dc     0x1b0  system_TM4C1294.o [1]
  .text              ro code       0x388c     0x13c  tx_timer_thread_entry.o [7]
  .text              ro code       0x39c8      0xd0  tx_mutex_cleanup.o [7]
  .text              ro code       0x3a98      0x98  tx_queue_cleanup.o [7]
  .rodata            const         0x3b30      0x90  gpio.o [3]
  .text              ro code       0x3bc0      0x88  tx_byte_pool_cleanup.o [7]
  .text              ro code       0x3c48      0x7c  tx_thread_shell_entry.o [7]
  .rodata            const         0x3cc4      0x6c  system_TM4C1294.o [1]
  .text              ro code       0x3d30      0x3c  tx_thread_timeout.o [7]
  .text              ro code       0x3d6c      0x38  zero_init3.o [4]
  .rodata            const         0x3da4      0x30  system_TM4C1294.o [1]
  .text              ro code       0x3dd4      0x28  data_init.o [4]
  .iar.init_table    const         0x3dfc      0x24  - Linker created -
  .text              ro code       0x3e20      0x1e  cmain.o [4]
  .text              ro code       0x3e3e       0x4  low_level_init.o [2]
  .text              ro code       0x3e42       0x4  exit.o [2]
  .text              ro code       0x3e48       0xe  cexit.o [4]
  .text              ro code       0x3e58      0x14  exit.o [5]
  .text              ro code       0x3e6c      0x1c  cstartup_M.o [4]
  .text              ro code       0x3e88      0x14  startup_TM4C1294.o [1]
  .rodata            const         0x3e9c      0x18  tx_iar.o [7]
  .rodata            const         0x3eb4      0x14  tx_timer_initialize.o [7]
  .rodata            const         0x3ec8      0x10  main.o [1]
  .rodata            const         0x3ed8      0x10  main.o [1]
  .rodata            const         0x3ee8      0x10  main.o [1]
  .rodata            const         0x3ef8       0xc  main.o [1]
  .rodata            const         0x3f04       0xc  main.o [1]
  .rodata            const         0x3f10       0xc  main.o [1]
  .rodata            const         0x3f1c       0xc  main.o [1]
  .rodata            const         0x3f28       0xc  main.o [1]
  .rodata            const         0x3f34       0x8  main.o [1]
  .rodata            const         0x3f3c       0x8  main.o [1]
  .rodata            const         0x3f44       0x8  main.o [1]
  .rodata            const         0x3f4c       0x8  main.o [1]
  .rodata            const         0x3f54       0x8  system_TM4C1294.o [1]
  Initializer bytes  const         0x3f5c       0x4  <for P2-1>
  .text              ro code       0x3f60       0x0  cstart_clearlocks.o [4]
  .rodata            const         0x3f60       0x0  zero_init3.o [4]
  .rodata            const         0x3f60       0x0  copy_init3.o [4]
                                 - 0x3f60    0x3ba0

"P2", part 1 of 3:                              0x4
  P2-1                        0x2000'0000       0x4  <Init block>
    .data            inited   0x2000'0000       0x4  tx_thread_initialize.o [7]
                            - 0x2000'0004       0x4

"P2", part 2 of 3:                           0x2fac
  .bss               zero     0x2000'0004    0x23a0  main.o [1]
  .bss               zero     0x2000'23a4     0x400  tx_timer_initialize.o [7]
  .bss               zero     0x2000'27a4      0xd0  tx_iar.o [7]
  .bss               zero     0x2000'2874      0xb8  main.o [1]
  .bss               zero     0x2000'292c      0xb8  main.o [1]
  .bss               zero     0x2000'29e4      0xb8  main.o [1]
  .bss               zero     0x2000'2a9c      0xb8  main.o [1]
  .bss               zero     0x2000'2b54      0xb8  tx_timer_initialize.o [7]
  .bss               zero     0x2000'2c0c      0x80  tx_thread_initialize.o [7]
  .bss               zero     0x2000'2c8c      0x80  tx_timer_initialize.o [7]
  .bss               zero     0x2000'2d0c      0x3c  main.o [1]
  .bss               zero     0x2000'2d48      0x3c  main.o [1]
  .bss               zero     0x2000'2d84      0x3c  main.o [1]
  .bss               zero     0x2000'2dc0      0x3c  main.o [1]
  .bss               zero     0x2000'2dfc      0x3c  main.o [1]
  .bss               zero     0x2000'2e38      0x3c  main.o [1]
  .bss               zero     0x2000'2e74      0x34  main.o [1]
  .bss               zero     0x2000'2ea8      0x34  main.o [1]
  .bss               zero     0x2000'2edc      0x10  xsyslock_mtx.o [6]
  FREE_MEM           zero     0x2000'2eec      0x10  tx_initialize_low_level.o [1]
  .bss               zero     0x2000'2efc       0x8  heap0.o [2]
  .bss               zero     0x2000'2f04       0x4  tx_thread_initialize.o [7]
  .bss               zero     0x2000'2f08       0x4  tx_thread_initialize.o [7]
  .bss               zero     0x2000'2f0c       0x4  tx_thread_initialize.o [7]
  .bss               zero     0x2000'2f10       0x4  tx_thread_initialize.o [7]
  .bss               zero     0x2000'2f14       0x4  tx_thread_initialize.o [7]
  .bss               zero     0x2000'2f18       0x4  tx_thread_initialize.o [7]
  .bss               zero     0x2000'2f1c       0x4  tx_thread_initialize.o [7]
  .bss               zero     0x2000'2f20       0x4  tx_thread_initialize.o [7]
  .bss               zero     0x2000'2f24       0x4  tx_thread_initialize.o [7]
  .bss               zero     0x2000'2f28       0x4  tx_thread_initialize.o [7]
  .bss               zero     0x2000'2f2c       0x4  tx_thread_initialize.o [7]
  .bss               zero     0x2000'2f30       0x4  tx_initialize_high_level.o [7]
  .bss               zero     0x2000'2f34       0x4  tx_initialize_high_level.o [7]
  .bss               zero     0x2000'2f38       0x4  tx_initialize_high_level.o [7]
  .bss               zero     0x2000'2f3c       0x4  tx_initialize_high_level.o [7]
  .bss               zero     0x2000'2f40       0x4  tx_initialize_high_level.o [7]
  .bss               zero     0x2000'2f44       0x4  tx_initialize_high_level.o [7]
  .bss               zero     0x2000'2f48       0x4  tx_initialize_high_level.o [7]
  .bss               zero     0x2000'2f4c       0x4  tx_initialize_high_level.o [7]
  .bss               zero     0x2000'2f50       0x4  tx_initialize_high_level.o [7]
  .bss               zero     0x2000'2f54       0x4  tx_initialize_high_level.o [7]
  .bss               zero     0x2000'2f58       0x4  tx_initialize_high_level.o [7]
  .bss               zero     0x2000'2f5c       0x4  tx_initialize_high_level.o [7]
  .bss               zero     0x2000'2f60       0x4  tx_initialize_high_level.o [7]
  .bss               zero     0x2000'2f64       0x4  tx_timer_initialize.o [7]
  .bss               zero     0x2000'2f68       0x4  tx_timer_initialize.o [7]
  .bss               zero     0x2000'2f6c       0x4  tx_timer_initialize.o [7]
  .bss               zero     0x2000'2f70       0x4  tx_timer_initialize.o [7]
  .bss               zero     0x2000'2f74       0x4  tx_timer_initialize.o [7]
  .bss               zero     0x2000'2f78       0x4  tx_timer_initialize.o [7]
  .bss               zero     0x2000'2f7c       0x4  tx_timer_initialize.o [7]
  .bss               zero     0x2000'2f80       0x4  tx_timer_initialize.o [7]
  .bss               zero     0x2000'2f84       0x4  tx_timer_initialize.o [7]
  .bss               zero     0x2000'2f88       0x4  tx_timer_initialize.o [7]
  .bss               zero     0x2000'2f8c       0x4  tx_timer_initialize.o [7]
  .bss               zero     0x2000'2f90       0x4  tx_timer_initialize.o [7]
  .bss               zero     0x2000'2f94       0x4  tx_timer_initialize.o [7]
  .bss               zero     0x2000'2f98       0x4  tx_iar.o [7]
  .bss               zero     0x2000'2f9c       0x4  tx_iar.o [7]
  .bss               zero     0x2000'2fa0       0x4  tx_iar.o [7]
  .bss               zero     0x2000'2fa4       0x4  tx_iar.o [7]
  .bss               zero     0x2000'2fa8       0x4  xgetmemchunk.o [2]
  .bss               zero     0x2000'2fac       0x1  main.o [1]
  .bss               zero     0x2000'2fad       0x1  main.o [1]
                            - 0x2000'2fae    0x2faa

"P2", part 3 of 3:                         0x1'8008
  .noinit            uninit   0x2000'2fb0       0x4  system_TM4C1294.o [1]
  CSTACK                      0x2000'2fb8    0x8000  <Block>
    CSTACK           uninit   0x2000'2fb8    0x8000  <Block tail>
  HEAP                        0x2000'afb8  0x1'0000  <Block>
    HEAP             uninit   0x2000'afb8  0x1'0000  <Block tail>
                            - 0x2001'afb8  0x1'8008

Unused ranges:

         From           To      Size
         ----           --      ----
       0x3f60     0xf'ffff  0xf'c0a0
  0x2001'afb8  0x2003'ffff  0x2'5048


*******************************************************************************
*** INIT TABLE
***

          Address      Size
          -------      ----
Zero (__iar_zero_init3)
    1 destination range, total size 0x2faa:
          0x2000'0004  0x2faa

Copy (__iar_copy_init3)
    1 source range, total size 0x4:
               0x3f5c     0x4
    1 destination range, total size 0x4:
          0x2000'0000     0x4



*******************************************************************************
*** MODULE SUMMARY
***

    Module                            ro code  ro data  rw data
    ------                            -------  -------  -------
command line/config:
    -----------------------------------------------------------
    Total:

C:\Users\azoli\Documents\UTFPR\mariaAzolin_ELF74\Projeto\Debug\Obj: [1]
    main.o                              2'720      140   10'322
    startup_TM4C1294.o                    982
    system_TM4C1294.o                     504      596        4
    tx_initialize_low_level.o             116                16
    -----------------------------------------------------------
    Total:                              4'322      736   10'342

dl7M_tln.a: [2]
    exit.o                                  4
    heap0.o                               292                 8
    low_level_init.o                        4
    xgetmemchunk.o                         44                 4
    -----------------------------------------------------------
    Total:                                344                12

driverlib.a: [3]
    cpu.o                                   8
    gpio.o                                520      144
    interrupt.o                            16
    sysctl.o                               72
    systick.o                              40
    uart.o                                216
    -----------------------------------------------------------
    Total:                                872      144

rt7M_tl.a: [4]
    ABImemclr.o                             6
    ABImemcpy.o                           166
    ABImemset.o                           102
    cexit.o                                14
    cmain.o                                30
    copy_init3.o                           42
    cstart_clearlocks.o
    cstartup_M.o                           28
    data_init.o                            40
    strlen.o                               54
    zero_init3.o                           56
    -----------------------------------------------------------
    Total:                                538

shb_l.a: [5]
    exit.o                                 20
    -----------------------------------------------------------
    Total:                                 20

th7M_tln.a: [6]
    tlsinit.o                              60
    xsyslock_mtx.o                         80                16
    -----------------------------------------------------------
    Total:                                140                16

tx.a: [7]
    tx_block_release.o                    112
    tx_byte_allocate.o                    248
    tx_byte_pool_cleanup.o                136
    tx_byte_pool_create.o                 160
    tx_byte_pool_search.o                 288
    tx_iar.o                              304       24      224
    tx_initialize_high_level.o            132                52
    tx_initialize_kernel_enter.o           84
    tx_mutex_cleanup.o                    208
    tx_mutex_create.o                     112
    tx_mutex_delete.o                     196
    tx_mutex_get.o                        284
    tx_mutex_prioritize.o                 176
    tx_mutex_priority_change.o            244
    tx_mutex_put.o                        564
    tx_queue_cleanup.o                    152
    tx_queue_create.o                     136
    tx_queue_receive.o                    500
    tx_queue_send.o                       356
    tx_thread_create.o                    352
    tx_thread_initialize.o                140        4      176
    tx_thread_schedule.o                  160
    tx_thread_shell_entry.o               124
    tx_thread_sleep.o                     148
    tx_thread_stack_build.o                68
    tx_thread_system_preempt_check.o       64
    tx_thread_system_resume.o             344
    tx_thread_system_suspend.o            496
    tx_thread_time_slice.o                104
    tx_thread_timeout.o                    60
    tx_timer_expiration_process.o          40
    tx_timer_initialize.o                 240       20    1'388
    tx_timer_interrupt.o                  184
    tx_timer_system_activate.o            104
    tx_timer_system_deactivate.o           46
    tx_timer_thread_entry.o               316
    txe_block_release.o                    48
    txe_byte_allocate.o                   152
    txe_byte_pool_create.o                224
    txe_mutex_create.o                    212
    txe_mutex_get.o                       124
    txe_mutex_put.o                        80
    txe_queue_create.o                    248
    txe_queue_receive.o                    96
    txe_queue_send.o                       96
    txe_thread_create.o                   352
    -----------------------------------------------------------
    Total:                              9'014       48    1'840

    Gaps                                   10
    Linker created                                  36   98'304
---------------------------------------------------------------
    Grand Total:                       15'260      964  110'514


*******************************************************************************
*** ENTRY LIST
***

Entry                       Address    Size  Type      Object
-----                       -------    ----  ----      ------
.iar.init_table$$Base        0x3dfc           --   Gb  - Linker created -
.iar.init_table$$Limit       0x3e20           --   Gb  - Linker created -
?main                        0x3e21          Code  Gb  cmain.o [4]
Aldata                  0x2000'2efc     0x8  Data  Lc  heap0.o [2]
CPUcpsie                     0x19d1     0x8  Code  Gb  cpu.o [3]
CSTACK$$Base            0x2000'2fb8           --   Gb  - Linker created -
CSTACK$$Limit           0x2000'afb8           --   Gb  - Linker created -
GPIODirModeSet                0xea9    0x28  Code  Gb  gpio.o [3]
GPIOPadConfigSet              0xed1   0x176  Code  Gb  gpio.o [3]
GPIOPinConfigure             0x1067    0x36  Code  Gb  gpio.o [3]
GPIOPinTypeUART              0x1053    0x14  Code  Gb  gpio.o [3]
HEAP$$Base              0x2000'afb8           --   Gb  - Linker created -
HEAP$$Limit             0x2001'afb8           --   Gb  - Linker created -
IntMasterEnable              0x1189     0x8  Code  Gb  interrupt.o [3]
PendSV_Handler               0x1b41          Code  Gb  tx_thread_schedule.o [7]
Region$$Table$$Base          0x3dfc           --   Gb  - Linker created -
Region$$Table$$Limit         0x3e20           --   Gb  - Linker created -
SysCtlPeripheralEnable        0xe83     0x8  Code  Gb  sysctl.o [3]
SysCtlPeripheralReady         0xe61     0x8  Code  Gb  sysctl.o [3]
SysTickEnable                0x1199     0xc  Code  Gb  systick.o [3]
SysTickIntEnable             0x11a5     0xc  Code  Gb  systick.o [3]
SysTickPeriodSet             0x11b1     0x8  Code  Gb  systick.o [3]
SysTick_Handler              0x1a1f          Code  Gb  tx_initialize_low_level.o [1]
SystemCoreClock         0x2000'2fb0     0x4  Data  Gb  system_TM4C1294.o [1]
SystemInit                   0x3559   0x13e  Code  Gb  system_TM4C1294.o [1]
UARTCharGet                  0x116b     0xe  Code  Gb  uart.o [3]
UARTCharPut                  0x1179    0x10  Code  Gb  uart.o [3]
UARTCharsAvail               0x1159     0x8  Code  Gb  uart.o [3]
UARTConfigSetExpClk          0x10b1    0x5c  Code  Gb  uart.o [3]
UARTDisable                  0x1127    0x22  Code  Gb  uart.o [3]
UARTEnable                   0x110d    0x1a  Code  Gb  uart.o [3]
UARTFIFOEnable               0x114d     0xc  Code  Gb  uart.o [3]
UARTInit                      0x3c1    0x64  Code  Gb  main.o [1]
_SysCtlFrequencyGet          0x3507    0x52  Code  Lc  system_TM4C1294.o [1]
_SysCtlMemTimingGet          0x34e5    0x22  Code  Lc  system_TM4C1294.o [1]
__Vectors                       0x0           --   Gb  startup_TM4C1294.o [1]
__Vectors_End                 0x3c0          Data  Gb  startup_TM4C1294.o [1]
__Vectors_Size {Abs}          0x3c0           --   Gb  startup_TM4C1294.o [1]
__aeabi_memclr               0x34b1          Code  Gb  ABImemclr.o [4]
__aeabi_memcpy               0x3409          Code  Gb  ABImemcpy.o [4]
__aeabi_memcpy4              0x3429          Code  Gb  ABImemcpy.o [4]
__aeabi_memcpy8              0x3429          Code  Gb  ABImemcpy.o [4]
__aeabi_memset               0x1495          Code  Gb  ABImemset.o [4]
__basic_free_intern          0x329d    0x74  Code  Lc  heap0.o [2]
__basic_malloc               0x31f1    0x18  Code  Gb  heap0.o [2]
__basic_malloc_intern        0x3209    0x94  Code  Lc  heap0.o [2]
__cexit_clearlocks           0x3e4b          Code  Gb  cexit.o [4]
__cmain                      0x3e21          Code  Gb  cmain.o [4]
__cstart_clearlocks          0x3f60          Data  Gb  cstart_clearlocks.o [4]
__data_GetMemChunk           0x34b9    0x2c  Code  Gb  xgetmemchunk.o [2]
__data_GetMemChunk::start
                        0x2000'2fa8     0x4  Data  Lc  xgetmemchunk.o [2]
__exit                       0x3e59    0x14  Code  Gb  exit.o [5]
__iar_Initlocks              0x1b07    0x16  Code  Gb  xsyslock_mtx.o [6]
__iar_Locksyslock_Malloc
                             0x1ad1     0x6  Code  Gb  xsyslock_mtx.o [6]
__iar_Memset                 0x1495          Code  Gb  ABImemset.o [4]
__iar_Memset_word            0x149d          Code  Gb  ABImemset.o [4]
__iar_Unlocksyslock_Malloc
                             0x1ad7     0x6  Code  Gb  xsyslock_mtx.o [6]
__iar_clearlocks             0x1add    0x2a  Code  Gb  xsyslock_mtx.o [6]
__iar_copy_init3             0x140b    0x2a  Code  Gb  copy_init3.o [4]
__iar_data_init3             0x3dd5    0x28  Code  Gb  data_init.o [4]
__iar_init_vfp               0x3e91          Code  Wk  startup_TM4C1294.o [1]
__iar_program_start          0x3e6d          Code  Gb  cstartup_M.o [4]
__iar_system_Mtxdst          0x2bb5     0xa  Code  Gb  tx_iar.o [7]
__iar_system_Mtxinit         0x2b43    0x72  Code  Gb  tx_iar.o [7]
__iar_system_Mtxlock         0x2bbf    0x40  Code  Gb  tx_iar.o [7]
__iar_system_Mtxunlock       0x2bff    0x3c  Code  Gb  tx_iar.o [7]
__iar_tls$$DATA$$Length
                                0x0           --   Gb  - Linker created -
__iar_tls$$INIT_DATA$$Base
                                0x0           --   Gb  - Linker created -
__iar_tls$$INIT_DATA$$Length
                                0x0           --   Gb  - Linker created -
__iar_tls_init               0x31d1     0xc  Code  Gb  tlsinit.o [6]
__iar_tls_init_no_ctors
                             0x31b5    0x1c  Code  Gb  tlsinit.o [6]
__iar_tls_size               0x31dd     0x4  Code  Gb  tlsinit.o [6]
__iar_zero_init3             0x3d6d    0x38  Code  Gb  zero_init3.o [4]
__low_level_init             0x3e3f     0x4  Code  Gb  low_level_init.o [2]
__tx_PendSVHandler           0x1b41          Code  Gb  tx_thread_schedule.o [7]
__tx_SysTickHandler          0x1a1f          Code  Gb  tx_initialize_low_level.o [1]
__tx_free_memory_start  0x2000'2eec          Data  Gb  tx_initialize_low_level.o [1]
__tx_iar_system_lock_internal_errors
                        0x2000'2fa0     0x4  Data  Gb  tx_iar.o [7]
__tx_iar_system_lock_isr_caller
                        0x2000'2fa4     0x4  Data  Gb  tx_iar.o [7]
__tx_iar_system_lock_mutexes
                        0x2000'27a4    0xd0  Data  Lc  tx_iar.o [7]
__tx_iar_system_lock_next_free_mutex
                        0x2000'2f98     0x4  Data  Lc  tx_iar.o [7]
__tx_iar_system_lock_no_mutexes
                        0x2000'2f9c     0x4  Data  Gb  tx_iar.o [7]
__vector_table                  0x0          Data  Gb  startup_TM4C1294.o [1]
__vector_table_0x1c            0x1c          Data  Gb  startup_TM4C1294.o [1]
_call_main                   0x3e2d          Code  Gb  cmain.o [4]
_exit                        0x3e49          Code  Gb  cexit.o [4]
_tx_block_pool_created_count
                        0x2000'2f54     0x4  Data  Gb  tx_initialize_high_level.o [7]
_tx_block_pool_created_ptr
                        0x2000'2f50     0x4  Data  Gb  tx_initialize_high_level.o [7]
_tx_block_release            0x2889    0x70  Code  Gb  tx_block_release.o [7]
_tx_build_options       0x2000'2f2c     0x4  Data  Gb  tx_thread_initialize.o [7]
_tx_byte_allocate            0x2539    0xf8  Code  Gb  tx_byte_allocate.o [7]
_tx_byte_pool_cleanup        0x3bc1    0x88  Code  Gb  tx_byte_pool_cleanup.o [7]
_tx_byte_pool_create         0x2499    0xa0  Code  Gb  tx_byte_pool_create.o [7]
_tx_byte_pool_created_count
                        0x2000'2f5c     0x4  Data  Gb  tx_initialize_high_level.o [7]
_tx_byte_pool_created_ptr
                        0x2000'2f58     0x4  Data  Gb  tx_initialize_high_level.o [7]
_tx_byte_pool_search         0x2fc1   0x120  Code  Gb  tx_byte_pool_search.o [7]
_tx_event_flags_created_count
                        0x2000'2f44     0x4  Data  Gb  tx_initialize_high_level.o [7]
_tx_event_flags_created_ptr
                        0x2000'2f40     0x4  Data  Gb  tx_initialize_high_level.o [7]
_tx_iar_create_per_thread_tls_area
                             0x2b2d    0x16  Code  Gb  tx_iar.o [7]
_tx_initialize_high_level
                             0x1a4d    0x84  Code  Gb  tx_initialize_high_level.o [7]
_tx_initialize_kernel_enter
                             0x11c1    0x54  Code  Gb  tx_initialize_kernel_enter.o [7]
_tx_initialize_low_level
                             0x19d9          Code  Gb  tx_initialize_low_level.o [1]
_tx_initialize_unused_memory
                        0x2000'2f60     0x4  Data  Gb  tx_initialize_high_level.o [7]
_tx_mutex_cleanup            0x39c9    0x7c  Code  Gb  tx_mutex_cleanup.o [7]
_tx_mutex_create             0x2791    0x70  Code  Gb  tx_mutex_create.o [7]
_tx_mutex_created_count
                        0x2000'2f4c     0x4  Data  Gb  tx_initialize_high_level.o [7]
_tx_mutex_created_ptr   0x2000'2f48     0x4  Data  Gb  tx_initialize_high_level.o [7]
_tx_mutex_delete             0x3315    0xc4  Code  Gb  tx_mutex_delete.o [7]
_tx_mutex_get                0x1bc1   0x11c  Code  Gb  tx_mutex_get.o [7]
_tx_mutex_prioritize         0x2d51    0xb0  Code  Gb  tx_mutex_prioritize.o [7]
_tx_mutex_priority_change
                             0x2c5d    0xf4  Code  Gb  tx_mutex_priority_change.o [7]
_tx_mutex_put                0x1cdd   0x234  Code  Gb  tx_mutex_put.o [7]
_tx_mutex_thread_release
                             0x3a45    0x46  Code  Gb  tx_mutex_cleanup.o [7]
_tx_queue_cleanup            0x3a99    0x98  Code  Gb  tx_queue_cleanup.o [7]
_tx_queue_create             0x2801    0x88  Code  Gb  tx_queue_create.o [7]
_tx_queue_created_count
                        0x2000'2f3c     0x4  Data  Gb  tx_initialize_high_level.o [7]
_tx_queue_created_ptr   0x2000'2f38     0x4  Data  Gb  tx_initialize_high_level.o [7]
_tx_queue_receive            0x2265   0x1f4  Code  Gb  tx_queue_receive.o [7]
_tx_queue_send               0x2101   0x164  Code  Gb  tx_queue_send.o [7]
_tx_semaphore_created_count
                        0x2000'2f34     0x4  Data  Gb  tx_initialize_high_level.o [7]
_tx_semaphore_created_ptr
                        0x2000'2f30     0x4  Data  Gb  tx_initialize_high_level.o [7]
_tx_thread_create            0x2631   0x160  Code  Gb  tx_thread_create.o [7]
_tx_thread_created_count
                        0x2000'2f14     0x4  Data  Gb  tx_thread_initialize.o [7]
_tx_thread_created_ptr  0x2000'2f10     0x4  Data  Gb  tx_thread_initialize.o [7]
_tx_thread_current_ptr  0x2000'2f08     0x4  Data  Gb  tx_thread_initialize.o [7]
_tx_thread_execute_ptr  0x2000'2f0c     0x4  Data  Gb  tx_thread_initialize.o [7]
_tx_thread_highest_priority
                        0x2000'2f20     0x4  Data  Gb  tx_thread_initialize.o [7]
_tx_thread_initialize        0x29b1    0x8c  Code  Gb  tx_thread_initialize.o [7]
_tx_thread_mutex_release
                        0x2000'2f28     0x4  Data  Gb  tx_thread_initialize.o [7]
_tx_thread_preempt_disable
                        0x2000'2f24     0x4  Data  Gb  tx_thread_initialize.o [7]
_tx_thread_preempted_maps
                        0x2000'2f1c     0x4  Data  Gb  tx_thread_initialize.o [7]
_tx_thread_priority_list
                        0x2000'2c0c    0x80  Data  Gb  tx_thread_initialize.o [7]
_tx_thread_priority_maps
                        0x2000'2f18     0x4  Data  Gb  tx_thread_initialize.o [7]
_tx_thread_schedule          0x1b21          Code  Gb  tx_thread_schedule.o [7]
_tx_thread_shell_entry       0x3c49    0x7c  Code  Gb  tx_thread_shell_entry.o [7]
_tx_thread_sleep             0x12e1    0x94  Code  Gb  tx_thread_sleep.o [7]
_tx_thread_stack_build       0x30e1          Code  Gb  tx_thread_stack_build.o [7]
_tx_thread_system_preempt_check
                             0x2459    0x40  Code  Gb  tx_thread_system_preempt_check.o [7]
_tx_thread_system_resume
                             0x2e01   0x158  Code  Gb  tx_thread_system_resume.o [7]
_tx_thread_system_stack_ptr
                        0x2000'2f04     0x4  Data  Gb  tx_thread_initialize.o [7]
_tx_thread_system_state
                        0x2000'0000     0x4  Data  Gb  tx_thread_initialize.o [7]
_tx_thread_system_suspend
                             0x1f11   0x1f0  Code  Gb  tx_thread_system_suspend.o [7]
_tx_thread_time_slice        0x314d    0x68  Code  Gb  tx_thread_time_slice.o [7]
_tx_thread_timeout           0x3d31    0x3c  Code  Gb  tx_thread_timeout.o [7]
_tx_timer_created_count
                        0x2000'2f80     0x4  Data  Gb  tx_timer_initialize.o [7]
_tx_timer_created_ptr   0x2000'2f7c     0x4  Data  Gb  tx_timer_initialize.o [7]
_tx_timer_current_ptr   0x2000'2f74     0x4  Data  Gb  tx_timer_initialize.o [7]
_tx_timer_expiration_process
                             0x3125    0x28  Code  Gb  tx_timer_expiration_process.o [7]
_tx_timer_expired       0x2000'2f78     0x4  Data  Gb  tx_timer_initialize.o [7]
_tx_timer_expired_time_slice
                        0x2000'2f68     0x4  Data  Gb  tx_timer_initialize.o [7]
_tx_timer_expired_timer_ptr
                        0x2000'2f84     0x4  Data  Gb  tx_timer_initialize.o [7]
_tx_timer_initialize         0x2a3d    0xf0  Code  Gb  tx_timer_initialize.o [7]
_tx_timer_interrupt          0x28f9          Code  Gb  tx_timer_interrupt.o [7]
_tx_timer_list          0x2000'2c8c    0x80  Data  Gb  tx_timer_initialize.o [7]
_tx_timer_list_end      0x2000'2f70     0x4  Data  Gb  tx_timer_initialize.o [7]
_tx_timer_list_start    0x2000'2f6c     0x4  Data  Gb  tx_timer_initialize.o [7]
_tx_timer_priority      0x2000'2f90     0x4  Data  Gb  tx_timer_initialize.o [7]
_tx_timer_stack_size    0x2000'2f8c     0x4  Data  Gb  tx_timer_initialize.o [7]
_tx_timer_stack_start   0x2000'2f88     0x4  Data  Gb  tx_timer_initialize.o [7]
_tx_timer_system_activate
                             0x2f59    0x68  Code  Gb  tx_timer_system_activate.o [7]
_tx_timer_system_clock  0x2000'2f64     0x4  Data  Gb  tx_timer_initialize.o [7]
_tx_timer_system_deactivate
                             0x33d9    0x2e  Code  Gb  tx_timer_system_deactivate.o [7]
_tx_timer_thread        0x2000'2b54    0xb8  Data  Gb  tx_timer_initialize.o [7]
_tx_timer_thread_entry       0x388d   0x13c  Code  Gb  tx_timer_thread_entry.o [7]
_tx_timer_thread_stack_area
                        0x2000'23a4   0x400  Data  Gb  tx_timer_initialize.o [7]
_tx_timer_time_slice    0x2000'2f94     0x4  Data  Gb  tx_timer_initialize.o [7]
_txe_block_release           0x19a1    0x30  Code  Gb  txe_block_release.o [7]
_txe_byte_allocate           0x15dd    0x98  Code  Gb  txe_byte_allocate.o [7]
_txe_byte_pool_create        0x14fd    0xe0  Code  Gb  txe_byte_pool_create.o [7]
_txe_mutex_create            0x17d5    0xd4  Code  Gb  txe_mutex_create.o [7]
_txe_mutex_get               0x1215    0x7c  Code  Gb  txe_mutex_get.o [7]
_txe_mutex_put               0x1291    0x50  Code  Gb  txe_mutex_put.o [7]
_txe_queue_create            0x18a9    0xf8  Code  Gb  txe_queue_create.o [7]
_txe_queue_receive           0x1435    0x60  Code  Gb  txe_queue_receive.o [7]
_txe_queue_send              0x1375    0x60  Code  Gb  txe_queue_send.o [7]
_txe_thread_create           0x1675   0x160  Code  Gb  txe_thread_create.o [7]
buffer_position         0x2000'2fac     0x1  Data  Gb  main.o [1]
byte_pool_0             0x2000'2e74    0x34  Data  Gb  main.o [1]
byte_pool_memory        0x2000'0004  0x23a0  Data  Gb  main.o [1]
elevator_thread_1             0x701   0x168  Code  Gb  main.o [1]
elevator_thread_2             0x869   0x168  Code  Gb  main.o [1]
elevator_thread_3             0x9d1   0x166  Code  Gb  main.o [1]
evaluate_andar                0x67b    0x86  Code  Gb  main.o [1]
exit                         0x3e43     0x4  Code  Gb  exit.o [2]
g_pppui32XTALtoVCO           0x36dc   0x1b0  Data  Lc  system_TM4C1294.o [1]
g_pui32GPIOBaseAddrs         0x3b30    0x90  Data  Lc  gpio.o [3]
g_pui32VCOFrequencies        0x3f54     0x8  Data  Lc  system_TM4C1294.o [1]
g_pui32Xtals                 0x3cc4    0x6c  Data  Lc  system_TM4C1294.o [1]
g_sXTALtoMEMTIM              0x3da4    0x30  Data  Lc  system_TM4C1294.o [1]
initialize_elevator           0x447    0x62  Code  Gb  main.o [1]
lastposition            0x2000'2fad     0x1  Data  Gb  main.o [1]
main                          0x425    0x22  Code  Gb  main.o [1]
main_thread                   0xb37    0xb4  Code  Gb  main.o [1]
move_elevator                 0x5cf    0x6a  Code  Gb  main.o [1]
mtx                     0x2000'2edc    0x10  Data  Lc  xsyslock_mtx.o [6]
mutex_0                 0x2000'2ea8    0x34  Data  Gb  main.o [1]
open_close_doors              0x4a9    0x86  Code  Gb  main.o [1]
queue_1                 0x2000'2d0c    0x3c  Data  Gb  main.o [1]
queue_2                 0x2000'2d48    0x3c  Data  Gb  main.o [1]
queue_3                 0x2000'2d84    0x3c  Data  Gb  main.o [1]
queue_interna_1         0x2000'2dc0    0x3c  Data  Gb  main.o [1]
queue_interna_2         0x2000'2dfc    0x3c  Data  Gb  main.o [1]
queue_interna_3         0x2000'2e38    0x3c  Data  Gb  main.o [1]
stop_elevator                 0x639    0x42  Code  Gb  main.o [1]
strlen                       0x13d5          Code  Gb  strlen.o [4]
thread_1                0x2000'2874    0xb8  Data  Gb  main.o [1]
thread_2                0x2000'292c    0xb8  Data  Gb  main.o [1]
thread_3                0x2000'29e4    0xb8  Data  Gb  main.o [1]
thread_main             0x2000'2a9c    0xb8  Data  Gb  main.o [1]
turn_off_led                  0x57f    0x50  Code  Gb  main.o [1]
turn_on_led                   0x52f    0x50  Code  Gb  main.o [1]
tx_application_define         0xbeb   0x1e4  Code  Gb  main.o [1]


[1] = C:\Users\azoli\Documents\UTFPR\mariaAzolin_ELF74\Projeto\Debug\Obj
[2] = dl7M_tln.a
[3] = driverlib.a
[4] = rt7M_tl.a
[5] = shb_l.a
[6] = th7M_tln.a
[7] = tx.a

   15'260 bytes of readonly  code memory
      964 bytes of readonly  data memory
  110'514 bytes of readwrite data memory

Errors: none
Warnings: none
